============================= test session starts ==============================
platform darwin -- Python 3.13.3, pytest-9.0.2, pluggy-1.6.0
rootdir: /Applications/lecture_auto
configfile: pyproject.toml
plugins: anyio-4.12.1
collected 25 items

tests/test_stt_adapters_cli.py ........F................                 [100%]

=================================== FAILURES ===================================
___ TestGoogleChirp3Adapter.test_rejects_when_no_api_key_and_no_access_token ___

self = <test_stt_adapters_cli.TestGoogleChirp3Adapter object at 0x106bd2d50>

    def test_rejects_when_no_api_key_and_no_access_token(self) -> None:
        from lecture_auto.google_chirp3_adapter import GoogleChirp3STTRuntimeAdapter
    
        with patch.dict("os.environ", {}, clear=True):
>           with pytest.raises(STTConfigError, match="authentication is required"):
                 ^^^^^^^^^^^^^^^^^^^^^^^^^^^^^^^^^^^^^^^^^^^^^^^^^^^^^^^^^^^^^^^^^
E           Failed: DID NOT RAISE <class 'lecture_auto.stt_runtime.STTConfigError'>

tests/test_stt_adapters_cli.py:167: Failed
------------------------------ Captured log call -------------------------------
WARNING  google.auth._default:_default.py:744 No project ID could be determined. Consider running `gcloud config set project` or setting the GOOGLE_CLOUD_PROJECT environment variable
WARNING  lecture_auto.google_chirp3_adapter:google_chirp3_adapter.py:495 google-chirp3 language 'en' is remapped to 'en-US'.
=============================== warnings summary ===============================
tests/test_stt_adapters_cli.py: 13 warnings
  /Applications/lecture_auto/.venv/lib/python3.13/site-packages/google/auth/_default.py:114: UserWarning: Your application has authenticated using end user credentials from Google Cloud SDK without a quota project. You might receive a "quota exceeded" or "API not enabled" error. See the following page for troubleshooting: https://cloud.google.com/docs/authentication/adc-troubleshooting/user-creds. 
    warnings.warn(_CLOUD_SDK_CREDENTIALS_WARNING)

-- Docs: https://docs.pytest.org/en/stable/how-to/capture-warnings.html
=========================== short test summary info ============================
FAILED tests/test_stt_adapters_cli.py::TestGoogleChirp3Adapter::test_rejects_when_no_api_key_and_no_access_token
================== 1 failed, 24 passed, 13 warnings in 4.90s ===================
